00:00 +0: loading /Users/avay/Downloads/dastan/test/src/features/tours/presentation/city_tours_screen_test.dart                                                                                        00:01 +0: loading /Users/avay/Downloads/dastan/test/src/features/tours/presentation/city_tours_screen_test.dart                                                                                        00:01 +0: CityToursScreen shows loading state initially                                                                                                                                                00:01 +1: CityToursScreen shows loading state initially                                                                                                                                                00:01 +1: CityToursScreen displays tour list correctly                                                                                                                                                 00:02 +1: CityToursScreen displays tour list correctly                                                                                                                                                 00:02 +1: CityToursScreen displays tour list correctly                                                                                                                                                 
══╡ EXCEPTION CAUGHT BY FLUTTER TEST FRAMEWORK ╞════════════════════════════════════════════════════
The following assertion was thrown running a test:
pumpAndSettle timed out

When the exception was thrown, this was the stack:
#0      WidgetTester.pumpAndSettle.<anonymous closure> (package:flutter_test/src/widget_tester.dart:717:11)
<asynchronous suspension>
#1      TestAsyncUtils.guard.<anonymous closure> (package:flutter_test/src/test_async_utils.dart:130:27)
<asynchronous suspension>
#2      main.<anonymous closure>.<anonymous closure> (file:///Users/avay/Downloads/dastan/test/src/features/tours/presentation/city_tours_screen_test.dart:83:7)
<asynchronous suspension>
#3      testWidgets.<anonymous closure>.<anonymous closure> (package:flutter_test/src/widget_tester.dart:192:15)
<asynchronous suspension>
#4      TestWidgetsFlutterBinding._runTestBody (package:flutter_test/src/binding.dart:1059:5)
<asynchronous suspension>
<asynchronous suspension>
(elided one frame from package:stack_trace)

The test description was:
  displays tour list correctly
════════════════════════════════════════════════════════════════════════════════════════════════════
00:02 +1 -1: CityToursScreen displays tour list correctly [E]                                                                                                                                          
  Test failed. See exception logs above.
  The test description was: displays tour list correctly
  
Warning: At least one test in this suite creates an HttpClient. When running a test suite that uses
TestWidgetsFlutterBinding, all HTTP requests will return status code 400, and no network request
will actually be made. Any test expecting a real network connection and status code will fail.
To test code that needs an HttpClient, provide your own HttpClient implementation to the code under
test, so that your test can consistently provide a testable response to the code under test.

To run this test again: /Users/avay/Downloads/develop/flutter/bin/cache/dart-sdk/bin/dart test /Users/avay/Downloads/dastan/test/src/features/tours/presentation/city_tours_screen_test.dart -p vm --plain-name 'CityToursScreen displays tour list correctly'
00:02 +1 -1: CityToursScreen empty state when no tours                                                                                                                                                 00:02 +2 -1: CityToursScreen empty state when no tours                                                                                                                                                 00:02 +2 -1: Some tests failed.                                                                                                                                                                        
